../Core/Src/main.c:86:6:microDelay	16	static
../Core/Src/main.c:92:9:DHT11_Start	32	static
../Core/Src/main.c:123:9:DHT11_Read	16	static
../Core/Src/main.c:154:5:main	16	static
../Core/Src/main.c:266:6:SystemClock_Config	88	static
../Core/Src/main.c:313:13:MX_ADC1_Init	24	static
../Core/Src/main.c:360:13:MX_I2C1_Init	8	static
../Core/Src/main.c:394:13:MX_TIM1_Init	32	static
../Core/Src/main.c:440:13:MX_TIM2_Init	64	static
../Core/Src/main.c:499:13:MX_GPIO_Init	40	static
../Core/Src/main.c:545:6:HAL_GPIO_EXTI_Callback	16	static
../Core/Src/main.c:560:6:Error_Handler	4	static,ignoring_inline_asm
